IP6 fe80::b299:28ff:fec8:d646.6696 > ff02::1:6.6696: babel 2 (9) hello [|babel]
IP6 fe80::b299:28ff:fec8:d646.6696 > ff02::1:6.6696: babel 2 (60) hello pad1 pad1 [|babel]
