IP 192.168.1.249.138 > 192.168.1.255.138: NBT UDP PACKET(138)
IP 192.168.1.249.138 > 192.168.1.255.138: NBT UDP PACKET(138)
IP 192.168.1.249.138 > 192.168.1.255.138: NBT UDP PACKET(138)
IP 192.168.1.249.137 > 192.168.1.255.137: NBT UDP PACKET(137): QUERY; REQUEST; BROADCAST
IP 192.168.1.249.137 > 192.168.1.255.137: NBT UDP PACKET(137): QUERY; REQUEST; BROADCAST
IP 192.168.1.249.137 > 192.168.1.255.137: NBT UDP PACKET(137): QUERY; REQUEST; BROADCAST
IP 192.168.1.249.138 > 192.168.1.255.138: NBT UDP PACKET(138)
IP 192.168.1.249.137 > 192.168.1.255.137: NBT UDP PACKET(137): QUERY; REQUEST; BROADCAST
IP 192.168.1.249.137 > 192.168.1.255.137: NBT UDP PACKET(137): QUERY; REQUEST; BROADCAST
IP 192.168.1.249.137 > 192.168.1.255.137: NBT UDP PACKET(137): QUERY; REQUEST; BROADCAST
ARP, Request who-has 192.168.1.1 tell 192.168.1.249, length 28
ARP, Reply 192.168.1.1 is-at 00:0d:88:4f:25:91, length 46
IP 192.168.1.249.68 > 192.168.1.1.67: BOOTP/DHCP, Request from 00:04:23:57:a5:7a, length 300
EAP code=1 id=0 length=5 
IP 0.0.0.0.68 > 255.255.255.255.67: BOOTP/DHCP, Request from 00:04:23:57:a5:7a, length 300
IP 0.0.0.0.68 > 255.255.255.255.67: BOOTP/DHCP, Request from 00:04:23:57:a5:7a, length 300
EAP code=1 id=1 length=0 
EAP code=1 id=0 length=5 
EAP code=1 id=0 length=45 
EAP code=1 id=0 length=20 
EAP code=1 id=0 length=76 
EAP code=1 id=0 length=80 
EAP code=1 id=0 length=28 
EAP code=1 id=0 length=4 
EAP code=1 id=3 length=57 
EAP code=1 id=3 length=44 
IP 0.0.0.0.68 > 255.255.255.255.67: BOOTP/DHCP, Request from 00:04:23:57:a5:7a, length 300
IP 0.0.0.0.68 > 255.255.255.255.67: BOOTP/DHCP, Request from 00:04:23:57:a5:7a, length 300
IP 0.0.0.0.68 > 255.255.255.255.67: BOOTP/DHCP, Request from 00:04:23:57:a5:7a, length 300
EAP code=1 id=1 length=0 
EAP code=1 id=0 length=5 
EAP code=1 id=0 length=45 
EAP code=1 id=0 length=20 
EAP code=1 id=0 length=76 
EAP code=1 id=0 length=80 
EAP code=1 id=0 length=28 
EAP code=1 id=0 length=4 
EAP code=1 id=3 length=57 
EAP code=1 id=3 length=44 
ARP, Request who-has 169.254.67.194 tell 169.254.67.194, length 28
ARP, Request who-has 169.254.67.194 tell 169.254.67.194, length 28
ARP, Request who-has 169.254.67.194 tell 169.254.67.194, length 28
IP 169.254.67.194.4299 > 239.255.255.250.1900: UDP, length 133
IP 169.254.67.194 > 224.0.0.22: igmp v3 report, 1 group record(s)
IP 169.254.67.194.137 > 169.254.255.255.137: NBT UDP PACKET(137): REGISTRATION; REQUEST; BROADCAST
IP 169.254.67.194 > 224.0.0.22: igmp v3 report, 1 group record(s)
IP 169.254.67.194.137 > 169.254.255.255.137: NBT UDP PACKET(137): REGISTRATION; REQUEST; BROADCAST
IP 169.254.67.194.137 > 169.254.255.255.137: NBT UDP PACKET(137): REGISTRATION; REQUEST; BROADCAST
IP 0.0.0.0.68 > 255.255.255.255.67: BOOTP/DHCP, Request from 00:04:23:57:a5:7a, length 300
IP 169.254.67.194.137 > 169.254.255.255.137: NBT UDP PACKET(137): REGISTRATION; REQUEST; BROADCAST
IP 169.254.67.194.4299 > 239.255.255.250.1900: UDP, length 133
IP 169.254.67.194.137 > 169.254.255.255.137: NBT UDP PACKET(137): REGISTRATION; REQUEST; BROADCAST
EAP code=1 id=1 length=0 
EAP code=1 id=0 length=5 
EAP code=1 id=0 length=45 
EAP code=1 id=0 length=20 
IP 169.254.67.194.137 > 169.254.255.255.137: NBT UDP PACKET(137): REGISTRATION; REQUEST; BROADCAST
IP 169.254.67.194.137 > 169.254.255.255.137: NBT UDP PACKET(137): REGISTRATION; REQUEST; BROADCAST
EAP code=1 id=0 length=76 
EAP code=1 id=0 length=80 
IP 169.254.67.194.137 > 169.254.255.255.137: NBT UDP PACKET(137): REGISTRATION; REQUEST; BROADCAST
EAP code=1 id=0 length=28 
EAP code=1 id=0 length=4 
EAP code=1 id=3 length=57 
EAP code=1 id=3 length=44 
IP 0.0.0.0.68 > 255.255.255.255.67: BOOTP/DHCP, Request from 00:04:23:57:a5:7a, length 300
IP 169.254.67.194.4299 > 239.255.255.250.1900: UDP, length 133
IP 169.254.67.194.137 > 169.254.255.255.137: NBT UDP PACKET(137): REGISTRATION; REQUEST; BROADCAST
IP 169.254.67.194.137 > 169.254.255.255.137: NBT UDP PACKET(137): REGISTRATION; REQUEST; BROADCAST
IP 169.254.67.194.137 > 169.254.255.255.137: NBT UDP PACKET(137): REGISTRATION; REQUEST; BROADCAST
IP 169.254.67.194.137 > 169.254.255.255.137: NBT UDP PACKET(137): REGISTRATION; REQUEST; BROADCAST
IP 169.254.67.194.137 > 169.254.255.255.137: NBT UDP PACKET(137): REGISTRATION; REQUEST; BROADCAST
IP 169.254.67.194.137 > 169.254.255.255.137: NBT UDP PACKET(137): REGISTRATION; REQUEST; BROADCAST
IP 169.254.67.194.137 > 169.254.255.255.137: NBT UDP PACKET(137): REGISTRATION; REQUEST; BROADCAST
IP 169.254.67.194.137 > 169.254.255.255.137: NBT UDP PACKET(137): REGISTRATION; REQUEST; BROADCAST
IP 169.254.67.194.138 > 169.254.255.255.138: NBT UDP PACKET(138)
IP 169.254.67.194.138 > 169.254.255.255.138: NBT UDP PACKET(138)
IP 169.254.67.194.138 > 169.254.255.255.138: NBT UDP PACKET(138)
IP 169.254.67.194.138 > 169.254.255.255.138: NBT UDP PACKET(138)
IP 169.254.67.194.138 > 169.254.255.255.138: NBT UDP PACKET(138)
IP 0.0.0.0.68 > 255.255.255.255.67: BOOTP/DHCP, Request from 00:04:23:57:a5:7a, length 300
IP 169.254.67.194.138 > 169.254.255.255.138: NBT UDP PACKET(138)
IP 169.254.67.194.138 > 169.254.255.255.138: NBT UDP PACKET(138)
IP 169.254.67.194.138 > 169.254.255.255.138: NBT UDP PACKET(138)
IP 169.254.67.194.138 > 169.254.255.255.138: NBT UDP PACKET(138)
IP 169.254.67.194.137 > 169.254.255.255.137: NBT UDP PACKET(137): REGISTRATION; REQUEST; BROADCAST
IP 169.254.67.194.137 > 169.254.255.255.137: NBT UDP PACKET(137): REGISTRATION; REQUEST; BROADCAST
IP 169.254.67.194.137 > 169.254.255.255.137: NBT UDP PACKET(137): REGISTRATION; REQUEST; BROADCAST
IP 169.254.67.194.137 > 169.254.255.255.137: NBT UDP PACKET(137): REGISTRATION; REQUEST; BROADCAST
IP 169.254.67.194.137 > 169.254.255.255.137: NBT UDP PACKET(137): REGISTRATION; REQUEST; BROADCAST
IP 169.254.67.194.137 > 169.254.255.255.137: NBT UDP PACKET(137): REGISTRATION; REQUEST; BROADCAST
IP 169.254.67.194.137 > 169.254.255.255.137: NBT UDP PACKET(137): REGISTRATION; REQUEST; BROADCAST
IP 169.254.67.194.137 > 169.254.255.255.137: NBT UDP PACKET(137): REGISTRATION; REQUEST; BROADCAST
IP 169.254.67.194.138 > 169.254.255.255.138: NBT UDP PACKET(138)
IP 169.254.67.194.138 > 169.254.255.255.138: NBT UDP PACKET(138)
IP 169.254.67.194.138 > 169.254.255.255.138: NBT UDP PACKET(138)
IP 169.254.67.194.137 > 169.254.255.255.137: NBT UDP PACKET(137): QUERY; REQUEST; BROADCAST
IP 169.254.67.194.137 > 169.254.255.255.137: NBT UDP PACKET(137): QUERY; REQUEST; BROADCAST
IP 169.254.67.194.137 > 169.254.255.255.137: NBT UDP PACKET(137): QUERY; REQUEST; BROADCAST
IP 169.254.67.194.137 > 169.254.255.255.137: NBT UDP PACKET(137): QUERY; REQUEST; BROADCAST
IP 169.254.67.194.137 > 169.254.255.255.137: NBT UDP PACKET(137): QUERY; REQUEST; BROADCAST
IP 169.254.67.194.137 > 169.254.255.255.137: NBT UDP PACKET(137): QUERY; REQUEST; BROADCAST
IP 0.0.0.0.68 > 255.255.255.255.67: BOOTP/DHCP, Request from 00:04:23:57:a5:7a, length 300
EAP code=1 id=1 length=0 
EAP code=1 id=0 length=5 
EAP code=1 id=0 length=45 
EAP code=1 id=0 length=20 
IP 169.254.67.194.138 > 169.254.255.255.138: NBT UDP PACKET(138)
EAP code=1 id=0 length=76 
EAP code=1 id=0 length=80 
EAP code=1 id=0 length=28 
EAP code=1 id=0 length=4 
EAP code=1 id=3 length=57 
EAP code=1 id=3 length=44 
