STP 802.1aq, Rapid STP, CIST Flags [Learn, Forward]
STP 802.1aq, Rapid STP, CIST Flags [Learn, Forward]
STP 802.1aq, Rapid STP, CIST Flags [Learn, Forward]
STP 802.1aq, Rapid STP, CIST Flags [Learn, Forward]
STP 802.1aq, Rapid STP, CIST Flags [Learn, Forward]
STP 802.1aq, Rapid STP, CIST Flags [Learn, Forward]
STP 802.1aq, Rapid STP, CIST Flags [Learn, Forward]
STP 802.1aq, Rapid STP, CIST Flags [Learn, Forward]
STP 802.1aq, Rapid STP, CIST Flags [Learn, Forward]
STP 802.1aq, Rapid STP, CIST Flags [Learn, Forward]
STP 802.1aq, Rapid STP, CIST Flags [Learn, Forward]
STP 802.1aq, Rapid STP, CIST Flags [Learn, Forward]
STP 802.1aq, Rapid STP, CIST Flags [Learn, Forward]
STP 802.1aq, Rapid STP, CIST Flags [Learn, Forward]
STP 802.1aq, Rapid STP, CIST Flags [Learn, Forward]
STP 802.1aq, Rapid STP, CIST Flags [Learn, Forward]
STP 802.1aq, Rapid STP, CIST Flags [Learn, Forward]
STP 802.1aq, Rapid STP, CIST Flags [Learn, Forward]
STP 802.1aq, Rapid STP, CIST Flags [Learn, Forward]
STP 802.1aq, Rapid STP, CIST Flags [Learn, Forward]
STP 802.1aq, Rapid STP, CIST Flags [Learn, Forward]
STP 802.1aq, Rapid STP, CIST Flags [Learn, Forward]
STP 802.1aq, Rapid STP, CIST Flags [Learn, Forward]
STP 802.1aq, Rapid STP, CIST Flags [Learn, Forward]
STP 802.1aq, Rapid STP, CIST Flags [Learn, Forward]
