    1  08:50:26.794117 IP (tos 0x0, ttl 253, id 44163, offset 0, flags [none], proto GRE (47), length 268)
    10.254.127.194 > 10.254.214.82: GREv0, Flags [none], length 248
	wccp T:0 A:0 U:0 SId:89 Alt:0 Pri:72: 
